// Jest Snapshot v1, https://goo.gl/fbAQLP

exports[`when visiting the page 1`] = `
<form
  className="stack center signup-form"
  onSubmit={[Function]}
>
  <label
    className="board center"
    htmlFor="username"
  >
    <div
      className="col-10"
    >
      User Name:
    </div>
     
    <input
      className="col-10"
      name="username"
      onChange={[Function]}
      placeholder="User Name"
      type="text"
      value=""
    />
  </label>
  <label
    className="board center"
    htmlFor="password"
  >
    <div
      className="col-10"
    >
      Password
    </div>
    <input
      className="col-10"
      name="password"
      onChange={[Function]}
      placeholder="Password"
      type="text"
      value=""
    />
  </label>
  <label
    className="board center"
    htmlFor="password_confirmation"
  >
    <div
      className="col-10"
    >
      Password Confirmation
    </div>
    <input
      className="col-10"
      name="password_confirmation"
      onChange={[Function]}
      placeholder="Password Confirmation"
      type="text"
      value=""
    />
  </label>
  <button
    type="submit"
  >
    Sign Up
  </button>
</form>
`;
